// Jest Snapshot v1, https://goo.gl/fbAQLP

exports[`snapshot 1`] = `
<View
  style={
    Object {
      "flex": 1,
    }
  }
>
  <RNCSafeAreaProvider
    onInsetsChange={[Function]}
    style={
      Array [
        Object {
          "flex": 1,
        },
        undefined,
      ]
    }
  >
    <View
      pointerEvents="box-none"
      style={
        Object {
          "zIndex": 1,
        }
      }
    >
      <View
        accessibilityElementsHidden={false}
        importantForAccessibility="auto"
        onLayout={[Function]}
        pointerEvents="box-none"
        style={null}
      >
        <View
          pointerEvents="box-none"
          style={
            Object {
              "bottom": 0,
              "left": 0,
              "opacity": 1,
              "position": "absolute",
              "right": 0,
              "top": 0,
              "zIndex": 0,
            }
          }
        >
          <View
            style={
              Object {
                "backgroundColor": "rgb(255, 255, 255)",
                "borderBottomColor": "rgb(216, 216, 216)",
                "flex": 1,
                "shadowColor": "rgb(216, 216, 216)",
                "shadowOffset": Object {
                  "height": 0.5,
                  "width": 0,
                },
                "shadowOpacity": 0.85,
                "shadowRadius": 0,
              }
            }
          />
        </View>
        <View
          pointerEvents="box-none"
          style={
            Object {
              "height": 64,
              "maxHeight": undefined,
              "minHeight": undefined,
              "opacity": undefined,
              "transform": undefined,
            }
          }
        >
          <View
            pointerEvents="none"
            style={
              Object {
                "height": 20,
              }
            }
          />
          <View
            pointerEvents="box-none"
            style={
              Object {
                "alignItems": "center",
                "flex": 1,
                "flexDirection": "row",
                "justifyContent": "center",
              }
            }
          >
            <View
              pointerEvents="box-none"
              style={
                Object {
                  "marginHorizontal": 16,
                  "opacity": 1,
                }
              }
            >
              <Text
                accessibilityRole="header"
                aria-level="1"
                numberOfLines={1}
                onLayout={[Function]}
                style={
                  Object {
                    "color": "rgb(28, 28, 30)",
                    "fontSize": 17,
                    "fontWeight": "600",
                  }
                }
              >
                MockedScreen
              </Text>
            </View>
          </View>
        </View>
      </View>
    </View>
    <View
      onLayout={[Function]}
      style={
        Object {
          "flex": 1,
        }
      }
    >
      <View
        pointerEvents="box-none"
        style={
          Object {
            "bottom": 0,
            "left": 0,
            "position": "absolute",
            "right": 0,
            "top": 0,
          }
        }
      >
        <View
          collapsable={false}
          style={
            Object {
              "opacity": 1,
            }
          }
        />
        <View
          accessibilityElementsHidden={false}
          closing={false}
          gestureVelocityImpact={0.3}
          importantForAccessibility="auto"
          onClose={[Function]}
          onGestureBegin={[Function]}
          onGestureCanceled={[Function]}
          onGestureEnd={[Function]}
          onOpen={[Function]}
          onTransition={[Function]}
          pointerEvents="box-none"
          style={
            Array [
              Object {
                "overflow": undefined,
              },
              Object {
                "bottom": 0,
                "left": 0,
                "position": "absolute",
                "right": 0,
                "top": 0,
              },
            ]
          }
          transitionSpec={
            Object {
              "close": Object {
                "animation": "spring",
                "config": Object {
                  "damping": 500,
                  "mass": 3,
                  "overshootClamping": true,
                  "restDisplacementThreshold": 10,
                  "restSpeedThreshold": 10,
                  "stiffness": 1000,
                },
              },
              "open": Object {
                "animation": "spring",
                "config": Object {
                  "damping": 500,
                  "mass": 3,
                  "overshootClamping": true,
                  "restDisplacementThreshold": 10,
                  "restSpeedThreshold": 10,
                  "stiffness": 1000,
                },
              },
            }
          }
        >
          <View
            needsOffscreenAlphaCompositing={false}
            pointerEvents="box-none"
            style={
              Object {
                "flex": 1,
              }
            }
          >
            <View
              collapsable={false}
              forwardedRef={[Function]}
              onGestureHandlerEvent={[Function]}
              onGestureHandlerStateChange={[Function]}
              style={
                Object {
                  "flex": 1,
                  "transform": Array [
                    Object {
                      "translateX": 0,
                    },
                    Object {
                      "translateX": 0,
                    },
                  ],
                }
              }
            >
              <View
                pointerEvents="none"
                style={
                  Object {
                    "backgroundColor": "rgb(242, 242, 242)",
                    "bottom": 0,
                    "left": 0,
                    "position": "absolute",
                    "shadowColor": "#000",
                    "shadowOffset": Object {
                      "height": 1,
                      "width": -1,
                    },
                    "shadowOpacity": 0.3,
                    "shadowRadius": 5,
                    "top": 0,
                    "width": 3,
                  }
                }
              />
              <View
                style={
                  Array [
                    Object {
                      "flex": 1,
                      "overflow": "hidden",
                    },
                    Array [
                      Object {
                        "backgroundColor": "rgb(242, 242, 242)",
                      },
                      undefined,
                    ],
                  ]
                }
              >
                <View
                  style={
                    Object {
                      "flex": 1,
                      "flexDirection": "column-reverse",
                    }
                  }
                >
                  <View
                    style={
                      Object {
                        "flex": 1,
                      }
                    }
                  >
                    <View
                      style={
                        Object {
                          "backgroundColor": "#f4f6f6",
                          "flex": 1,
                        }
                      }
                    >
                      <View
                        style={
                          Array [
                            Object {
                              "backgroundColor": "#f4f6f6",
                              "padding": 16,
                            },
                            Object {},
                          ]
                        }
                      >
                        <View
                          style={
                            Array [
                              Object {
                                "alignItems": "center",
                                "flexDirection": "row",
                                "marginTop": 16,
                              },
                              Object {
                                "marginTop": 0,
                              },
                            ]
                          }
                        >
                          <Text
                            allowFontScaling={false}
                            style={
                              Array [
                                Object {
                                  "color": "#aab2ba",
                                  "fontSize": 20,
                                },
                                Object {
                                  "marginLeft": 8,
                                  "marginRight": 8,
                                  "marginTop": 2,
                                },
                                Object {
                                  "fontFamily": "feather",
                                  "fontStyle": "normal",
                                  "fontWeight": "normal",
                                },
                                Object {},
                              ]
                            }
                          >
                            ï…¶
                          </Text>
                          <Text
                            style={
                              Array [
                                Object {
                                  "color": "#14181c",
                                  "fontFamily": "muli",
                                  "lineHeight": 16,
                                },
                                Object {
                                  "color": "#414d5b",
                                  "fontSize": 16,
                                  "marginLeft": 8,
                                  "marginTop": 6,
                                },
                              ]
                            }
                          >
                            facebook / react-native
                          </Text>
                          <View
                            accessible={true}
                            focusable={true}
                            onClick={[Function]}
                            onResponderGrant={[Function]}
                            onResponderMove={[Function]}
                            onResponderRelease={[Function]}
                            onResponderTerminate={[Function]}
                            onResponderTerminationRequest={[Function]}
                            onStartShouldSetResponder={[Function]}
                            style={
                              Object {
                                "alignItems": "center",
                                "backgroundColor": "#fff",
                                "borderColor": "#00aaff",
                                "borderRadius": 16,
                                "borderWidth": 1,
                                "height": 30,
                                "justifyContent": "center",
                                "marginLeft": 12,
                                "opacity": 1,
                                "paddingLeft": 1,
                                "paddingTop": 0,
                                "width": 30,
                              }
                            }
                          >
                            <Text
                              allowFontScaling={false}
                              style={
                                Array [
                                  Object {
                                    "color": "#00aaff",
                                    "fontSize": 14,
                                  },
                                  undefined,
                                  Object {
                                    "fontFamily": "feather",
                                    "fontStyle": "normal",
                                    "fontWeight": "normal",
                                  },
                                  Object {},
                                ]
                              }
                            >
                              ï… 
                            </Text>
                          </View>
                        </View>
                        <View
                          style={
                            Object {
                              "alignItems": "center",
                              "flexDirection": "row",
                              "marginTop": 16,
                            }
                          }
                        >
                          <Text
                            allowFontScaling={false}
                            style={
                              Array [
                                Object {
                                  "color": "#aab2ba",
                                  "fontSize": 20,
                                },
                                Object {
                                  "marginLeft": 8,
                                  "marginRight": 8,
                                  "marginTop": 2,
                                },
                                Object {
                                  "fontFamily": "feather",
                                  "fontStyle": "normal",
                                  "fontWeight": "normal",
                                },
                                Object {},
                              ]
                            }
                          >
                            ï‡ 
                          </Text>
                          <View
                            accessible={true}
                            focusable={true}
                            onClick={[Function]}
                            onResponderGrant={[Function]}
                            onResponderMove={[Function]}
                            onResponderRelease={[Function]}
                            onResponderTerminate={[Function]}
                            onResponderTerminationRequest={[Function]}
                            onStartShouldSetResponder={[Function]}
                            style={
                              Object {
                                "alignItems": "center",
                                "backgroundColor": "#fff",
                                "borderColor": "#00aaff",
                                "borderRadius": 16,
                                "borderWidth": 1,
                                "flexDirection": "row",
                                "height": 30,
                                "marginLeft": 8,
                                "opacity": 1,
                                "paddingHorizontal": 16,
                                "paddingTop": 6,
                                "paddingVertical": 4,
                              }
                            }
                          >
                            <Text
                              allowFontScaling={false}
                              style={
                                Array [
                                  Object {
                                    "color": "#00aaff",
                                    "fontSize": 16,
                                  },
                                  Object {
                                    "marginLeft": -4,
                                    "marginRight": 4,
                                  },
                                  Object {
                                    "fontFamily": "feather",
                                    "fontStyle": "normal",
                                    "fontWeight": "normal",
                                  },
                                  Object {},
                                ]
                              }
                            >
                              ï„«
                            </Text>
                            <Text
                              style={
                                Array [
                                  Object {
                                    "color": "#14181c",
                                    "fontFamily": "muli",
                                    "lineHeight": 16,
                                  },
                                  Object {
                                    "color": "#00aaff",
                                  },
                                ]
                              }
                            >
                              Open
                               issues
                            </Text>
                          </View>
                          <View
                            accessible={true}
                            focusable={true}
                            onClick={[Function]}
                            onResponderGrant={[Function]}
                            onResponderMove={[Function]}
                            onResponderRelease={[Function]}
                            onResponderTerminate={[Function]}
                            onResponderTerminationRequest={[Function]}
                            onStartShouldSetResponder={[Function]}
                            style={
                              Object {
                                "alignItems": "center",
                                "backgroundColor": "#fff",
                                "borderColor": "#00aaff",
                                "borderRadius": 16,
                                "borderWidth": 1,
                                "flexDirection": "row",
                                "height": 30,
                                "marginLeft": 8,
                                "opacity": 1,
                                "paddingHorizontal": 16,
                                "paddingTop": 6,
                                "paddingVertical": 4,
                              }
                            }
                          >
                            <Text
                              allowFontScaling={false}
                              style={
                                Array [
                                  Object {
                                    "color": "#00aaff",
                                    "fontSize": 16,
                                  },
                                  Object {
                                    "marginLeft": -4,
                                    "marginRight": 4,
                                  },
                                  Object {
                                    "fontFamily": "feather",
                                    "fontStyle": "normal",
                                    "fontWeight": "normal",
                                  },
                                  Object {},
                                ]
                              }
                            >
                              ï„«
                            </Text>
                            <Text
                              style={
                                Array [
                                  Object {
                                    "color": "#14181c",
                                    "fontFamily": "muli",
                                    "lineHeight": 16,
                                  },
                                  Object {
                                    "color": "#00aaff",
                                  },
                                ]
                              }
                            >
                              Closed
                               issues
                            </Text>
                          </View>
                        </View>
                        <View
                          style={
                            Object {
                              "alignItems": "center",
                              "flexDirection": "row",
                              "marginTop": 16,
                            }
                          }
                        >
                          <Text
                            allowFontScaling={false}
                            style={
                              Array [
                                Object {
                                  "color": "#aab2ba",
                                  "fontSize": 20,
                                },
                                Object {
                                  "marginLeft": 8,
                                  "marginRight": 8,
                                  "marginTop": 2,
                                },
                                Object {
                                  "fontFamily": "feather",
                                  "fontStyle": "normal",
                                  "fontWeight": "normal",
                                },
                                Object {},
                              ]
                            }
                          >
                            ï„”
                          </Text>
                          <View
                            accessible={true}
                            focusable={true}
                            onClick={[Function]}
                            onResponderGrant={[Function]}
                            onResponderMove={[Function]}
                            onResponderRelease={[Function]}
                            onResponderTerminate={[Function]}
                            onResponderTerminationRequest={[Function]}
                            onStartShouldSetResponder={[Function]}
                            style={
                              Object {
                                "alignItems": "center",
                                "backgroundColor": "#fff",
                                "borderColor": "#00aaff",
                                "borderRadius": 16,
                                "borderWidth": 1,
                                "flexDirection": "row",
                                "height": 30,
                                "marginLeft": 8,
                                "opacity": 1,
                                "paddingHorizontal": 16,
                                "paddingTop": 2,
                              }
                            }
                          >
                            <Text
                              allowFontScaling={false}
                              style={
                                Array [
                                  Object {
                                    "color": "#00aaff",
                                    "fontSize": 17,
                                  },
                                  Object {
                                    "marginLeft": -2,
                                    "marginRight": 8,
                                    "marginTop": -1,
                                  },
                                  Object {
                                    "fontFamily": "FontAwesome",
                                    "fontStyle": "normal",
                                    "fontWeight": "normal",
                                  },
                                  Object {},
                                ]
                              }
                            >
                              ïƒ—
                            </Text>
                            <Text
                              style={
                                Array [
                                  Object {
                                    "color": "#14181c",
                                    "fontFamily": "muli",
                                    "lineHeight": 16,
                                  },
                                  Object {
                                    "color": "#00aaff",
                                  },
                                ]
                              }
                            >
                              Sort By 
                              Created Date
                            </Text>
                          </View>
                        </View>
                      </View>
                      <Text
                        style={
                          Array [
                            Object {
                              "color": "#14181c",
                              "fontFamily": "muli",
                              "lineHeight": 16,
                            },
                            Object {
                              "alignSelf": "center",
                              "color": "#ea1f59",
                              "marginTop": 16,
                            },
                          ]
                        }
                      >
                        An error occurred: 
                        fetch is not defined
                      </Text>
                      <RCTScrollView
                        contentContainerStyle={
                          Object {
                            "paddingBottom": 80,
                            "paddingHorizontal": 16,
                            "paddingTop": 16,
                          }
                        }
                        data={Array []}
                        disableVirtualization={false}
                        getItem={[Function]}
                        getItemCount={[Function]}
                        horizontal={false}
                        initialNumToRender={10}
                        keyExtractor={[Function]}
                        maxToRenderPerBatch={10}
                        onContentSizeChange={[Function]}
                        onEndReachedThreshold={2}
                        onLayout={[Function]}
                        onMomentumScrollEnd={[Function]}
                        onScroll={[Function]}
                        onScrollBeginDrag={[Function]}
                        onScrollEndDrag={[Function]}
                        removeClippedSubviews={false}
                        renderItem={[Function]}
                        scrollEventThrottle={50}
                        stickyHeaderIndices={Array []}
                        updateCellsBatchingPeriod={50}
                        viewabilityConfigCallbackPairs={Array []}
                        windowSize={21}
                      >
                        <View />
                      </RCTScrollView>
                      <View
                        pointerEvents="box-none"
                        style={
                          Object {
                            "bottom": 0,
                            "flexDirection": "row",
                            "justifyContent": "space-between",
                            "left": 0,
                            "paddingHorizontal": 16,
                            "position": "absolute",
                            "width": 750,
                          }
                        }
                      >
                        <View
                          accessible={true}
                          focusable={true}
                          onClick={[Function]}
                          onResponderGrant={[Function]}
                          onResponderMove={[Function]}
                          onResponderRelease={[Function]}
                          onResponderTerminate={[Function]}
                          onResponderTerminationRequest={[Function]}
                          onStartShouldSetResponder={[Function]}
                          style={
                            Object {
                              "alignItems": "center",
                              "backgroundColor": "#fff",
                              "borderColor": "#aab2ba",
                              "borderRadius": 609,
                              "borderWidth": 1,
                              "elevation": 0,
                              "flex": 0,
                              "flexDirection": "row",
                              "height": 39,
                              "justifyContent": "center",
                              "marginVertical": 8,
                              "opacity": 1,
                              "paddingHorizontal": 16,
                              "shadowColor": "#aab2ba",
                              "shadowOffset": Object {
                                "height": 2,
                                "width": 0,
                              },
                              "shadowOpacity": 0,
                              "shadowRadius": 4,
                              "width": 120,
                            }
                          }
                        >
                          <Text
                            allowFontScaling={false}
                            style={
                              Array [
                                Object {
                                  "color": "#aab2ba",
                                  "fontSize": 20,
                                },
                                undefined,
                                Object {
                                  "fontFamily": "feather",
                                  "fontStyle": "normal",
                                  "fontWeight": "normal",
                                },
                                Object {},
                              ]
                            }
                          >
                            ï„¯
                          </Text>
                          <Text
                            style={
                              Array [
                                Object {
                                  "color": "#14181c",
                                  "fontFamily": "muli",
                                  "lineHeight": 16,
                                },
                                Object {
                                  "color": "#00aaff",
                                  "fontFamily": "muli-extra-bold",
                                  "fontSize": 12,
                                  "letterSpacing": 0.8,
                                },
                                Object {
                                  "color": "#00aaff",
                                  "marginHorizontal": 2,
                                },
                                Object {
                                  "color": "#aab2ba",
                                },
                              ]
                            }
                          >
                            PREVIOUS
                          </Text>
                        </View>
                        <View
                          accessible={true}
                          focusable={true}
                          onClick={[Function]}
                          onResponderGrant={[Function]}
                          onResponderMove={[Function]}
                          onResponderRelease={[Function]}
                          onResponderTerminate={[Function]}
                          onResponderTerminationRequest={[Function]}
                          onStartShouldSetResponder={[Function]}
                          style={
                            Object {
                              "alignItems": "center",
                              "backgroundColor": "#fff",
                              "borderColor": "#00aaff",
                              "borderRadius": 609,
                              "borderWidth": 1,
                              "elevation": 0,
                              "flex": 0,
                              "flexDirection": "row",
                              "height": 39,
                              "justifyContent": "center",
                              "marginVertical": 8,
                              "opacity": 1,
                              "paddingHorizontal": 16,
                              "shadowColor": "#aab2ba",
                              "shadowOffset": Object {
                                "height": 2,
                                "width": 0,
                              },
                              "shadowOpacity": 0,
                              "shadowRadius": 4,
                              "width": 120,
                            }
                          }
                        >
                          <Text
                            style={
                              Array [
                                Object {
                                  "color": "#14181c",
                                  "fontFamily": "muli",
                                  "lineHeight": 16,
                                },
                                Object {
                                  "color": "#00aaff",
                                  "fontFamily": "muli-extra-bold",
                                  "fontSize": 12,
                                  "letterSpacing": 0.8,
                                },
                                Object {
                                  "color": "#00aaff",
                                  "marginHorizontal": 2,
                                },
                                Object {},
                              ]
                            }
                          >
                            NEXT
                          </Text>
                          <Text
                            allowFontScaling={false}
                            style={
                              Array [
                                Object {
                                  "color": "#00aaff",
                                  "fontSize": 20,
                                },
                                undefined,
                                Object {
                                  "fontFamily": "feather",
                                  "fontStyle": "normal",
                                  "fontWeight": "normal",
                                },
                                Object {},
                              ]
                            }
                          >
                            ï„°
                          </Text>
                        </View>
                        <ViewManagerAdapter_ExpoLinearGradient
                          pointerEvents="none"
                          proxiedProperties={
                            Object {
                              "colors": Array [
                                4279643,
                                1145130331,
                              ],
                              "endPoint": undefined,
                              "locations": undefined,
                              "startPoint": undefined,
                            }
                          }
                          style={
                            Object {
                              "bottom": 0,
                              "height": 40,
                              "left": 0,
                              "position": "absolute",
                              "width": 750,
                              "zIndex": -1,
                            }
                          }
                        />
                      </View>
                    </View>
                  </View>
                </View>
              </View>
            </View>
          </View>
        </View>
      </View>
    </View>
  </RNCSafeAreaProvider>
</View>
`;
